// Jest Snapshot v1, https://goo.gl/fbAQLP

exports[`Pruebas en GifExpertApp Debe hacer match con el snapshot 1`] = `
<div>
  <h1>
    Gif ExpertApp
  </h1>
  <hr />
  <form
    aria-label="form"
  >
    <input
      placeholder="Buscar gif"
      type="text"
      value=""
    />
  </form>
  <ol />
</div>
`;
